// Jest Snapshot v1, https://goo.gl/fbAQLP

exports[`should render point list 1`] = `
<ul
  className="MuiList-root-4 MuiList-padding-5 PointListUnstyled-root-1"
/>
`;
